Release 14.7 Map P.20131013 (nt64)
Xilinx Map Application Log File for Design 'mips'

Design Information
------------------
Command Line   : map -intstyle ise -p xc6slx100-fgg676-2 -w -logic_opt off -ol
high -t 1 -xt 0 -register_duplication off -r 4 -global_opt off -mt off -ir off
-pr off -lc off -power off -o mips_map.ncd mips.ngd mips.pcf 
Target Device  : xc6slx100
Target Package : fgg676
Target Speed   : -2
Mapper Version : spartan6 -- $Revision: 1.55 $
Mapped Date    : Mon Nov 07 13:28:30 2022

vvvvvvvvvvvvvvvvvvvvvvvvvvvvvvvvvvvvvvvvvvvvvvvvvvvvvvvvvvvvvvvvvvvvvv
INFO:Security:56 - Part 'xc6slx100' is not a WebPack part.
INFO:Security:61 - The XILINXD_LICENSE_FILE environment variable is not set.
INFO:Security:63 - The LM_LICENSE_FILE environment variable is not set.
INFO:Security:68 - For more information or for assistance in obtaining 
 a license, please run the Xilinx License Configuration Manager
       (xlcm or "Manage Xilinx Licenses".)
INFO:Security:68a - user is Lenovo, on host DESKTOP-K51RA0N.
WARNING:Security:9b - No 'ISE' feature version 2013.10 was available for part
'xc6slx100'.
ERROR:Security:12 - No 'xc6slx100' feature version 2013.10 was available (-5),
     so 'WebPack' may not be used.
----------------------------------------------------------------------
No such feature exists.
Feature:       ISE
License path: 
C:/.Xilinx\Xilinx.lic;D:\Xilinx\14.7\ISE_DS\ISE\/coregen/core_licenses\Xilinx.li
c;D:\Xilinx\14.7\ISE_DS\ISE\/coregen/core_licenses\XilinxFree.lic;D:\Xilinx\14.7
\ISE_DS\EDK/data/core_licenses\Xilinx.lic;
FLEXnet Licensing error:-5,357
For further information, refer to the FLEXnet Licensing documentation,
available at "www.flexerasoftware.com".No such feature exists.
Feature:       xc6slx100
License path: 
C:/.Xilinx\Xilinx.lic;D:\Xilinx\14.7\ISE_DS\ISE\/coregen/core_licenses\Xilinx.li
c;D:\Xilinx\14.7\ISE_DS\ISE\/coregen/core_licenses\XilinxFree.lic;D:\Xilinx\14.7
\ISE_DS\EDK/data/core_licenses\Xilinx.lic;
FLEXnet Licensing error:-5,357
For further information, refer to the FLEXnet Licensing documentation,
available at "www.flexerasoftware.com".
^^^^^^^^^^^^^^^^^^^^^^^^^^^^^^^^^^^^^^^^^^^^^^^^^^^^^^^^^^^^^^^^^^^^^^
ERROR:Map:258 - A problem was encountered attempting to get the license for this
   architecture. 

Design Summary
--------------
Number of errors   :   1
Number of warnings :   0
